// Jest Snapshot v1, https://goo.gl/fbAQLP

exports[`should render the dashboard page correctly 1`] = `
<div>
  Dasboard page content
</div>
`;
